ERROR - 2026-02-20 04:52:34 --> Error connecting to the database: mysqli_sql_exception: Access denied for user 'root'@'localhost' (using password: NO) in C:\laragon\www\toko-api\system\Database\MySQLi\Connection.php:201
Stack trace:
#0 C:\laragon\www\toko-api\system\Database\MySQLi\Connection.php(201): mysqli->real_connect('localhost', 'root', Object(SensitiveParameterValue), 'toko_api', 3306, '', 0)
#1 C:\laragon\www\toko-api\system\Database\BaseConnection.php(419): CodeIgniter\Database\MySQLi\Connection->connect(false)
#2 C:\laragon\www\toko-api\system\Database\BaseConnection.php(654): CodeIgniter\Database\BaseConnection->initialize()
#3 C:\laragon\www\toko-api\system\Database\BaseBuilder.php(2345): CodeIgniter\Database\BaseConnection->query('INSERT INTO `pr...', Array, false)
#4 C:\laragon\www\toko-api\system\Model.php(356): CodeIgniter\Database\BaseBuilder->insert()
#5 C:\laragon\www\toko-api\system\BaseModel.php(898): CodeIgniter\Model->doInsert(Array)
#6 C:\laragon\www\toko-api\system\Model.php(665): CodeIgniter\BaseModel->insert(Array, true)
#7 C:\laragon\www\toko-api\app\Controllers\ProdukController.php(18): CodeIgniter\Model->insert(Array)
#8 C:\laragon\www\toko-api\system\CodeIgniter.php(951): App\Controllers\ProdukController->create()
#9 C:\laragon\www\toko-api\system\CodeIgniter.php(497): CodeIgniter\CodeIgniter->runController(Object(App\Controllers\ProdukController))
#10 C:\laragon\www\toko-api\system\CodeIgniter.php(340): CodeIgniter\CodeIgniter->handleRequest(NULL, Object(Config\Cache), false)
#11 C:\laragon\www\toko-api\system\Boot.php(417): CodeIgniter\CodeIgniter->run()
#12 C:\laragon\www\toko-api\system\Boot.php(68): CodeIgniter\Boot::runCodeIgniter(Object(CodeIgniter\CodeIgniter))
#13 C:\laragon\www\toko-api\public\index.php(59): CodeIgniter\Boot::bootWeb(Object(Config\Paths))
#14 {main}

Next CodeIgniter\Database\Exceptions\DatabaseException: Access denied for user '****'@'localhost' (using password: NO) in C:\laragon\www\toko-api\system\Database\MySQLi\Connection.php:231
Stack trace:
#0 C:\laragon\www\toko-api\system\Database\BaseConnection.php(419): CodeIgniter\Database\MySQLi\Connection->connect(false)
#1 C:\laragon\www\toko-api\system\Database\BaseConnection.php(654): CodeIgniter\Database\BaseConnection->initialize()
#2 C:\laragon\www\toko-api\system\Database\BaseBuilder.php(2345): CodeIgniter\Database\BaseConnection->query('INSERT INTO `pr...', Array, false)
#3 C:\laragon\www\toko-api\system\Model.php(356): CodeIgniter\Database\BaseBuilder->insert()
#4 C:\laragon\www\toko-api\system\BaseModel.php(898): CodeIgniter\Model->doInsert(Array)
#5 C:\laragon\www\toko-api\system\Model.php(665): CodeIgniter\BaseModel->insert(Array, true)
#6 C:\laragon\www\toko-api\app\Controllers\ProdukController.php(18): CodeIgniter\Model->insert(Array)
#7 C:\laragon\www\toko-api\system\CodeIgniter.php(951): App\Controllers\ProdukController->create()
#8 C:\laragon\www\toko-api\system\CodeIgniter.php(497): CodeIgniter\CodeIgniter->runController(Object(App\Controllers\ProdukController))
#9 C:\laragon\www\toko-api\system\CodeIgniter.php(340): CodeIgniter\CodeIgniter->handleRequest(NULL, Object(Config\Cache), false)
#10 C:\laragon\www\toko-api\system\Boot.php(417): CodeIgniter\CodeIgniter->run()
#11 C:\laragon\www\toko-api\system\Boot.php(68): CodeIgniter\Boot::runCodeIgniter(Object(CodeIgniter\CodeIgniter))
#12 C:\laragon\www\toko-api\public\index.php(59): CodeIgniter\Boot::bootWeb(Object(Config\Paths))
#13 {main}
CRITICAL - 2026-02-20 04:52:34 --> CodeIgniter\Database\Exceptions\DatabaseException: Unable to connect to the database.
Main connection [MySQLi]: Access denied for user '****'@'localhost' (using password: NO)
[Method: POST, Route: produk]
in SYSTEMPATH\Database\BaseConnection.php on line 465.
 1 SYSTEMPATH\Database\BaseConnection.php(654): CodeIgniter\Database\BaseConnection->initialize()
 2 SYSTEMPATH\Database\BaseBuilder.php(2345): CodeIgniter\Database\BaseConnection->query('INSERT INTO `produk` (`kode_produk`, `nama_produk`, `harga`) VALUES (:kode_produk:, :nama_produk:, :harga:)', [...], false)
 3 SYSTEMPATH\Model.php(356): CodeIgniter\Database\BaseBuilder->insert()
 4 SYSTEMPATH\BaseModel.php(898): CodeIgniter\Model->doInsert([...])
 5 SYSTEMPATH\Model.php(665): CodeIgniter\BaseModel->insert([...], true)
 6 APPPATH\Controllers\ProdukController.php(18): CodeIgniter\Model->insert([...])
 7 SYSTEMPATH\CodeIgniter.php(951): App\Controllers\ProdukController->create()
 8 SYSTEMPATH\CodeIgniter.php(497): CodeIgniter\CodeIgniter->runController(Object(App\Controllers\ProdukController))
 9 SYSTEMPATH\CodeIgniter.php(340): CodeIgniter\CodeIgniter->handleRequest(null, Object(Config\Cache), false)
10 SYSTEMPATH\Boot.php(417): CodeIgniter\CodeIgniter->run()
11 SYSTEMPATH\Boot.php(68): CodeIgniter\Boot::runCodeIgniter(Object(CodeIgniter\CodeIgniter))
12 FCPATH\index.php(59): CodeIgniter\Boot::bootWeb(Object(Config\Paths))
CRITICAL - 2026-02-20 04:52:50 --> ArgumentCountError: Too few arguments to function App\Controllers\ProdukController::list(), 0 passed in C:\laragon\www\toko-api\system\CodeIgniter.php on line 951 and exactly 1 expected
[Method: GET, Route: produk]
in APPPATH\Controllers\ProdukController.php on line 24.
 1 SYSTEMPATH\CodeIgniter.php(951): App\Controllers\ProdukController->list()
 2 SYSTEMPATH\CodeIgniter.php(497): CodeIgniter\CodeIgniter->runController(Object(App\Controllers\ProdukController))
 3 SYSTEMPATH\CodeIgniter.php(340): CodeIgniter\CodeIgniter->handleRequest(null, Object(Config\Cache), false)
 4 SYSTEMPATH\Boot.php(417): CodeIgniter\CodeIgniter->run()
 5 SYSTEMPATH\Boot.php(68): CodeIgniter\Boot::runCodeIgniter(Object(CodeIgniter\CodeIgniter))
 6 FCPATH\index.php(59): CodeIgniter\Boot::bootWeb(Object(Config\Paths))
ERROR - 2026-02-20 04:54:39 --> Error connecting to the database: mysqli_sql_exception: Access denied for user 'root'@'localhost' (using password: NO) in C:\laragon\www\toko-api\system\Database\MySQLi\Connection.php:201
Stack trace:
#0 C:\laragon\www\toko-api\system\Database\MySQLi\Connection.php(201): mysqli->real_connect('localhost', 'root', Object(SensitiveParameterValue), 'toko_api', 3306, '', 0)
#1 C:\laragon\www\toko-api\system\Database\BaseConnection.php(419): CodeIgniter\Database\MySQLi\Connection->connect(false)
#2 C:\laragon\www\toko-api\system\Database\BaseConnection.php(654): CodeIgniter\Database\BaseConnection->initialize()
#3 C:\laragon\www\toko-api\system\Database\BaseBuilder.php(2345): CodeIgniter\Database\BaseConnection->query('INSERT INTO `pr...', Array, false)
#4 C:\laragon\www\toko-api\system\Model.php(356): CodeIgniter\Database\BaseBuilder->insert()
#5 C:\laragon\www\toko-api\system\BaseModel.php(898): CodeIgniter\Model->doInsert(Array)
#6 C:\laragon\www\toko-api\system\Model.php(665): CodeIgniter\BaseModel->insert(Array, true)
#7 C:\laragon\www\toko-api\app\Controllers\ProdukController.php(18): CodeIgniter\Model->insert(Array)
#8 C:\laragon\www\toko-api\system\CodeIgniter.php(951): App\Controllers\ProdukController->create()
#9 C:\laragon\www\toko-api\system\CodeIgniter.php(497): CodeIgniter\CodeIgniter->runController(Object(App\Controllers\ProdukController))
#10 C:\laragon\www\toko-api\system\CodeIgniter.php(340): CodeIgniter\CodeIgniter->handleRequest(NULL, Object(Config\Cache), false)
#11 C:\laragon\www\toko-api\system\Boot.php(417): CodeIgniter\CodeIgniter->run()
#12 C:\laragon\www\toko-api\system\Boot.php(68): CodeIgniter\Boot::runCodeIgniter(Object(CodeIgniter\CodeIgniter))
#13 C:\laragon\www\toko-api\public\index.php(59): CodeIgniter\Boot::bootWeb(Object(Config\Paths))
#14 {main}

Next CodeIgniter\Database\Exceptions\DatabaseException: Access denied for user '****'@'localhost' (using password: NO) in C:\laragon\www\toko-api\system\Database\MySQLi\Connection.php:231
Stack trace:
#0 C:\laragon\www\toko-api\system\Database\BaseConnection.php(419): CodeIgniter\Database\MySQLi\Connection->connect(false)
#1 C:\laragon\www\toko-api\system\Database\BaseConnection.php(654): CodeIgniter\Database\BaseConnection->initialize()
#2 C:\laragon\www\toko-api\system\Database\BaseBuilder.php(2345): CodeIgniter\Database\BaseConnection->query('INSERT INTO `pr...', Array, false)
#3 C:\laragon\www\toko-api\system\Model.php(356): CodeIgniter\Database\BaseBuilder->insert()
#4 C:\laragon\www\toko-api\system\BaseModel.php(898): CodeIgniter\Model->doInsert(Array)
#5 C:\laragon\www\toko-api\system\Model.php(665): CodeIgniter\BaseModel->insert(Array, true)
#6 C:\laragon\www\toko-api\app\Controllers\ProdukController.php(18): CodeIgniter\Model->insert(Array)
#7 C:\laragon\www\toko-api\system\CodeIgniter.php(951): App\Controllers\ProdukController->create()
#8 C:\laragon\www\toko-api\system\CodeIgniter.php(497): CodeIgniter\CodeIgniter->runController(Object(App\Controllers\ProdukController))
#9 C:\laragon\www\toko-api\system\CodeIgniter.php(340): CodeIgniter\CodeIgniter->handleRequest(NULL, Object(Config\Cache), false)
#10 C:\laragon\www\toko-api\system\Boot.php(417): CodeIgniter\CodeIgniter->run()
#11 C:\laragon\www\toko-api\system\Boot.php(68): CodeIgniter\Boot::runCodeIgniter(Object(CodeIgniter\CodeIgniter))
#12 C:\laragon\www\toko-api\public\index.php(59): CodeIgniter\Boot::bootWeb(Object(Config\Paths))
#13 {main}
CRITICAL - 2026-02-20 04:54:39 --> CodeIgniter\Database\Exceptions\DatabaseException: Unable to connect to the database.
Main connection [MySQLi]: Access denied for user '****'@'localhost' (using password: NO)
[Method: POST, Route: produk]
in SYSTEMPATH\Database\BaseConnection.php on line 465.
 1 SYSTEMPATH\Database\BaseConnection.php(654): CodeIgniter\Database\BaseConnection->initialize()
 2 SYSTEMPATH\Database\BaseBuilder.php(2345): CodeIgniter\Database\BaseConnection->query('INSERT INTO `produk` (`kode_produk`, `nama_produk`, `harga`) VALUES (:kode_produk:, :nama_produk:, :harga:)', [...], false)
 3 SYSTEMPATH\Model.php(356): CodeIgniter\Database\BaseBuilder->insert()
 4 SYSTEMPATH\BaseModel.php(898): CodeIgniter\Model->doInsert([...])
 5 SYSTEMPATH\Model.php(665): CodeIgniter\BaseModel->insert([...], true)
 6 APPPATH\Controllers\ProdukController.php(18): CodeIgniter\Model->insert([...])
 7 SYSTEMPATH\CodeIgniter.php(951): App\Controllers\ProdukController->create()
 8 SYSTEMPATH\CodeIgniter.php(497): CodeIgniter\CodeIgniter->runController(Object(App\Controllers\ProdukController))
 9 SYSTEMPATH\CodeIgniter.php(340): CodeIgniter\CodeIgniter->handleRequest(null, Object(Config\Cache), false)
10 SYSTEMPATH\Boot.php(417): CodeIgniter\CodeIgniter->run()
11 SYSTEMPATH\Boot.php(68): CodeIgniter\Boot::runCodeIgniter(Object(CodeIgniter\CodeIgniter))
12 FCPATH\index.php(59): CodeIgniter\Boot::bootWeb(Object(Config\Paths))
ERROR - 2026-02-20 04:57:30 --> Error connecting to the database: mysqli_sql_exception: Access denied for user 'root'@'localhost' (using password: NO) in C:\laragon\www\toko-api\system\Database\MySQLi\Connection.php:201
Stack trace:
#0 C:\laragon\www\toko-api\system\Database\MySQLi\Connection.php(201): mysqli->real_connect('localhost', 'root', Object(SensitiveParameterValue), 'toko_api', 3306, '', 0)
#1 C:\laragon\www\toko-api\system\Database\BaseConnection.php(419): CodeIgniter\Database\MySQLi\Connection->connect(false)
#2 C:\laragon\www\toko-api\system\Database\BaseConnection.php(654): CodeIgniter\Database\BaseConnection->initialize()
#3 C:\laragon\www\toko-api\system\Database\BaseBuilder.php(2345): CodeIgniter\Database\BaseConnection->query('INSERT INTO `pr...', Array, false)
#4 C:\laragon\www\toko-api\system\Model.php(356): CodeIgniter\Database\BaseBuilder->insert()
#5 C:\laragon\www\toko-api\system\BaseModel.php(898): CodeIgniter\Model->doInsert(Array)
#6 C:\laragon\www\toko-api\system\Model.php(665): CodeIgniter\BaseModel->insert(Array, true)
#7 C:\laragon\www\toko-api\app\Controllers\ProdukController.php(18): CodeIgniter\Model->insert(Array)
#8 C:\laragon\www\toko-api\system\CodeIgniter.php(951): App\Controllers\ProdukController->create()
#9 C:\laragon\www\toko-api\system\CodeIgniter.php(497): CodeIgniter\CodeIgniter->runController(Object(App\Controllers\ProdukController))
#10 C:\laragon\www\toko-api\system\CodeIgniter.php(340): CodeIgniter\CodeIgniter->handleRequest(NULL, Object(Config\Cache), false)
#11 C:\laragon\www\toko-api\system\Boot.php(417): CodeIgniter\CodeIgniter->run()
#12 C:\laragon\www\toko-api\system\Boot.php(68): CodeIgniter\Boot::runCodeIgniter(Object(CodeIgniter\CodeIgniter))
#13 C:\laragon\www\toko-api\public\index.php(59): CodeIgniter\Boot::bootWeb(Object(Config\Paths))
#14 {main}

Next CodeIgniter\Database\Exceptions\DatabaseException: Access denied for user '****'@'localhost' (using password: NO) in C:\laragon\www\toko-api\system\Database\MySQLi\Connection.php:231
Stack trace:
#0 C:\laragon\www\toko-api\system\Database\BaseConnection.php(419): CodeIgniter\Database\MySQLi\Connection->connect(false)
#1 C:\laragon\www\toko-api\system\Database\BaseConnection.php(654): CodeIgniter\Database\BaseConnection->initialize()
#2 C:\laragon\www\toko-api\system\Database\BaseBuilder.php(2345): CodeIgniter\Database\BaseConnection->query('INSERT INTO `pr...', Array, false)
#3 C:\laragon\www\toko-api\system\Model.php(356): CodeIgniter\Database\BaseBuilder->insert()
#4 C:\laragon\www\toko-api\system\BaseModel.php(898): CodeIgniter\Model->doInsert(Array)
#5 C:\laragon\www\toko-api\system\Model.php(665): CodeIgniter\BaseModel->insert(Array, true)
#6 C:\laragon\www\toko-api\app\Controllers\ProdukController.php(18): CodeIgniter\Model->insert(Array)
#7 C:\laragon\www\toko-api\system\CodeIgniter.php(951): App\Controllers\ProdukController->create()
#8 C:\laragon\www\toko-api\system\CodeIgniter.php(497): CodeIgniter\CodeIgniter->runController(Object(App\Controllers\ProdukController))
#9 C:\laragon\www\toko-api\system\CodeIgniter.php(340): CodeIgniter\CodeIgniter->handleRequest(NULL, Object(Config\Cache), false)
#10 C:\laragon\www\toko-api\system\Boot.php(417): CodeIgniter\CodeIgniter->run()
#11 C:\laragon\www\toko-api\system\Boot.php(68): CodeIgniter\Boot::runCodeIgniter(Object(CodeIgniter\CodeIgniter))
#12 C:\laragon\www\toko-api\public\index.php(59): CodeIgniter\Boot::bootWeb(Object(Config\Paths))
#13 {main}
CRITICAL - 2026-02-20 04:57:30 --> CodeIgniter\Database\Exceptions\DatabaseException: Unable to connect to the database.
Main connection [MySQLi]: Access denied for user '****'@'localhost' (using password: NO)
[Method: POST, Route: produk]
in SYSTEMPATH\Database\BaseConnection.php on line 465.
 1 SYSTEMPATH\Database\BaseConnection.php(654): CodeIgniter\Database\BaseConnection->initialize()
 2 SYSTEMPATH\Database\BaseBuilder.php(2345): CodeIgniter\Database\BaseConnection->query('INSERT INTO `produk` (`kode_produk`, `nama_produk`, `harga`) VALUES (:kode_produk:, :nama_produk:, :harga:)', [...], false)
 3 SYSTEMPATH\Model.php(356): CodeIgniter\Database\BaseBuilder->insert()
 4 SYSTEMPATH\BaseModel.php(898): CodeIgniter\Model->doInsert([...])
 5 SYSTEMPATH\Model.php(665): CodeIgniter\BaseModel->insert([...], true)
 6 APPPATH\Controllers\ProdukController.php(18): CodeIgniter\Model->insert([...])
 7 SYSTEMPATH\CodeIgniter.php(951): App\Controllers\ProdukController->create()
 8 SYSTEMPATH\CodeIgniter.php(497): CodeIgniter\CodeIgniter->runController(Object(App\Controllers\ProdukController))
 9 SYSTEMPATH\CodeIgniter.php(340): CodeIgniter\CodeIgniter->handleRequest(null, Object(Config\Cache), false)
10 SYSTEMPATH\Boot.php(417): CodeIgniter\CodeIgniter->run()
11 SYSTEMPATH\Boot.php(68): CodeIgniter\Boot::runCodeIgniter(Object(CodeIgniter\CodeIgniter))
12 FCPATH\index.php(59): CodeIgniter\Boot::bootWeb(Object(Config\Paths))
ERROR - 2026-02-20 05:01:03 --> Table 'toko_api.produk' doesn't exist
in SYSTEMPATH\Database\MySQLi\Connection.php on line 300.
 1 SYSTEMPATH\Database\MySQLi\Connection.php(300): mysqli->query('INSERT INTO `produk` (`kode_produk`, `nama_produk`, `harga`) VALUES (\'A001\', \'Realme Smart TV 50 Inch\', 5700000)', 0)
 2 SYSTEMPATH\Database\BaseConnection.php(769): CodeIgniter\Database\MySQLi\Connection->execute('INSERT INTO `produk` (`kode_produk`, `nama_produk`, `harga`) VALUES (\'A001\', \'Realme Smart TV 50 Inch\', 5700000)')
 3 SYSTEMPATH\Database\BaseConnection.php(686): CodeIgniter\Database\BaseConnection->simpleQuery('INSERT INTO `produk` (`kode_produk`, `nama_produk`, `harga`) VALUES (\'A001\', \'Realme Smart TV 50 Inch\', 5700000)')
 4 SYSTEMPATH\Database\BaseBuilder.php(2345): CodeIgniter\Database\BaseConnection->query('INSERT INTO `produk` (`kode_produk`, `nama_produk`, `harga`) VALUES (:kode_produk:, :nama_produk:, :harga:)', [...], false)
 5 SYSTEMPATH\Model.php(356): CodeIgniter\Database\BaseBuilder->insert()
 6 SYSTEMPATH\BaseModel.php(898): CodeIgniter\Model->doInsert([...])
 7 SYSTEMPATH\Model.php(665): CodeIgniter\BaseModel->insert([...], true)
 8 APPPATH\Controllers\ProdukController.php(18): CodeIgniter\Model->insert([...])
 9 SYSTEMPATH\CodeIgniter.php(951): App\Controllers\ProdukController->create()
10 SYSTEMPATH\CodeIgniter.php(497): CodeIgniter\CodeIgniter->runController(Object(App\Controllers\ProdukController))
11 SYSTEMPATH\CodeIgniter.php(340): CodeIgniter\CodeIgniter->handleRequest(null, Object(Config\Cache), false)
12 SYSTEMPATH\Boot.php(417): CodeIgniter\CodeIgniter->run()
13 SYSTEMPATH\Boot.php(68): CodeIgniter\Boot::runCodeIgniter(Object(CodeIgniter\CodeIgniter))
14 FCPATH\index.php(59): CodeIgniter\Boot::bootWeb(Object(Config\Paths))
CRITICAL - 2026-02-20 05:01:03 --> CodeIgniter\Database\Exceptions\DatabaseException: Table 'toko_api.produk' doesn't exist
[Method: POST, Route: produk]
in SYSTEMPATH\Database\BaseConnection.php on line 724.
 1 SYSTEMPATH\Database\BaseBuilder.php(2345): CodeIgniter\Database\BaseConnection->query('INSERT INTO `produk` (`kode_produk`, `nama_produk`, `harga`) VALUES (:kode_produk:, :nama_produk:, :harga:)', [...], false)
 2 SYSTEMPATH\Model.php(356): CodeIgniter\Database\BaseBuilder->insert()
 3 SYSTEMPATH\BaseModel.php(898): CodeIgniter\Model->doInsert([...])
 4 SYSTEMPATH\Model.php(665): CodeIgniter\BaseModel->insert([...], true)
 5 APPPATH\Controllers\ProdukController.php(18): CodeIgniter\Model->insert([...])
 6 SYSTEMPATH\CodeIgniter.php(951): App\Controllers\ProdukController->create()
 7 SYSTEMPATH\CodeIgniter.php(497): CodeIgniter\CodeIgniter->runController(Object(App\Controllers\ProdukController))
 8 SYSTEMPATH\CodeIgniter.php(340): CodeIgniter\CodeIgniter->handleRequest(null, Object(Config\Cache), false)
 9 SYSTEMPATH\Boot.php(417): CodeIgniter\CodeIgniter->run()
10 SYSTEMPATH\Boot.php(68): CodeIgniter\Boot::runCodeIgniter(Object(CodeIgniter\CodeIgniter))
11 FCPATH\index.php(59): CodeIgniter\Boot::bootWeb(Object(Config\Paths))
CRITICAL - 2026-02-20 05:01:03 --> [Caused by] CodeIgniter\Database\Exceptions\DatabaseException: Table 'toko_api.produk' doesn't exist
in SYSTEMPATH\Database\MySQLi\Connection.php on line 310.
 1 SYSTEMPATH\Database\BaseConnection.php(769): CodeIgniter\Database\MySQLi\Connection->execute('INSERT INTO `produk` (`kode_produk`, `nama_produk`, `harga`) VALUES (\'A001\', \'Realme Smart TV 50 Inch\', 5700000)')
 2 SYSTEMPATH\Database\BaseConnection.php(686): CodeIgniter\Database\BaseConnection->simpleQuery('INSERT INTO `produk` (`kode_produk`, `nama_produk`, `harga`) VALUES (\'A001\', \'Realme Smart TV 50 Inch\', 5700000)')
 3 SYSTEMPATH\Database\BaseBuilder.php(2345): CodeIgniter\Database\BaseConnection->query('INSERT INTO `produk` (`kode_produk`, `nama_produk`, `harga`) VALUES (:kode_produk:, :nama_produk:, :harga:)', [...], false)
 4 SYSTEMPATH\Model.php(356): CodeIgniter\Database\BaseBuilder->insert()
 5 SYSTEMPATH\BaseModel.php(898): CodeIgniter\Model->doInsert([...])
 6 SYSTEMPATH\Model.php(665): CodeIgniter\BaseModel->insert([...], true)
 7 APPPATH\Controllers\ProdukController.php(18): CodeIgniter\Model->insert([...])
 8 SYSTEMPATH\CodeIgniter.php(951): App\Controllers\ProdukController->create()
 9 SYSTEMPATH\CodeIgniter.php(497): CodeIgniter\CodeIgniter->runController(Object(App\Controllers\ProdukController))
10 SYSTEMPATH\CodeIgniter.php(340): CodeIgniter\CodeIgniter->handleRequest(null, Object(Config\Cache), false)
11 SYSTEMPATH\Boot.php(417): CodeIgniter\CodeIgniter->run()
12 SYSTEMPATH\Boot.php(68): CodeIgniter\Boot::runCodeIgniter(Object(CodeIgniter\CodeIgniter))
13 FCPATH\index.php(59): CodeIgniter\Boot::bootWeb(Object(Config\Paths))
CRITICAL - 2026-02-20 05:01:03 --> [Caused by] mysqli_sql_exception: Table 'toko_api.produk' doesn't exist
in SYSTEMPATH\Database\MySQLi\Connection.php on line 300.
 1 SYSTEMPATH\Database\MySQLi\Connection.php(300): mysqli->query('INSERT INTO `produk` (`kode_produk`, `nama_produk`, `harga`) VALUES (\'A001\', \'Realme Smart TV 50 Inch\', 5700000)', 0)
 2 SYSTEMPATH\Database\BaseConnection.php(769): CodeIgniter\Database\MySQLi\Connection->execute('INSERT INTO `produk` (`kode_produk`, `nama_produk`, `harga`) VALUES (\'A001\', \'Realme Smart TV 50 Inch\', 5700000)')
 3 SYSTEMPATH\Database\BaseConnection.php(686): CodeIgniter\Database\BaseConnection->simpleQuery('INSERT INTO `produk` (`kode_produk`, `nama_produk`, `harga`) VALUES (\'A001\', \'Realme Smart TV 50 Inch\', 5700000)')
 4 SYSTEMPATH\Database\BaseBuilder.php(2345): CodeIgniter\Database\BaseConnection->query('INSERT INTO `produk` (`kode_produk`, `nama_produk`, `harga`) VALUES (:kode_produk:, :nama_produk:, :harga:)', [...], false)
 5 SYSTEMPATH\Model.php(356): CodeIgniter\Database\BaseBuilder->insert()
 6 SYSTEMPATH\BaseModel.php(898): CodeIgniter\Model->doInsert([...])
 7 SYSTEMPATH\Model.php(665): CodeIgniter\BaseModel->insert([...], true)
 8 APPPATH\Controllers\ProdukController.php(18): CodeIgniter\Model->insert([...])
 9 SYSTEMPATH\CodeIgniter.php(951): App\Controllers\ProdukController->create()
10 SYSTEMPATH\CodeIgniter.php(497): CodeIgniter\CodeIgniter->runController(Object(App\Controllers\ProdukController))
11 SYSTEMPATH\CodeIgniter.php(340): CodeIgniter\CodeIgniter->handleRequest(null, Object(Config\Cache), false)
12 SYSTEMPATH\Boot.php(417): CodeIgniter\CodeIgniter->run()
13 SYSTEMPATH\Boot.php(68): CodeIgniter\Boot::runCodeIgniter(Object(CodeIgniter\CodeIgniter))
14 FCPATH\index.php(59): CodeIgniter\Boot::bootWeb(Object(Config\Paths))
