CRITICAL - 2026-05-20 10:35:47 --> ErrorException: Undefined array key "no_hp"
[Method: POST, Route: login]
in APPPATH\Controllers\LoginController.php on line 36.
 1 APPPATH\Controllers\LoginController.php(36): CodeIgniter\Debug\Exceptions->errorHandler(2, 'Undefined array key "no_hp"', 'C:\\laragon\\www\\toko_api\\app\\Controllers\\LoginController.php', 36)
 2 SYSTEMPATH\CodeIgniter.php(951): App\Controllers\LoginController->login()
 3 SYSTEMPATH\CodeIgniter.php(497): CodeIgniter\CodeIgniter->runController(Object(App\Controllers\LoginController))
 4 SYSTEMPATH\CodeIgniter.php(340): CodeIgniter\CodeIgniter->handleRequest(null, Object(Config\Cache), false)
 5 SYSTEMPATH\Boot.php(417): CodeIgniter\CodeIgniter->run()
 6 SYSTEMPATH\Boot.php(68): CodeIgniter\Boot::runCodeIgniter(Object(CodeIgniter\CodeIgniter))
 7 FCPATH\index.php(59): CodeIgniter\Boot::bootWeb(Object(Config\Paths))
CRITICAL - 2026-05-20 10:35:51 --> ErrorException: Undefined array key "no_hp"
[Method: POST, Route: login]
in APPPATH\Controllers\LoginController.php on line 36.
 1 APPPATH\Controllers\LoginController.php(36): CodeIgniter\Debug\Exceptions->errorHandler(2, 'Undefined array key "no_hp"', 'C:\\laragon\\www\\toko_api\\app\\Controllers\\LoginController.php', 36)
 2 SYSTEMPATH\CodeIgniter.php(951): App\Controllers\LoginController->login()
 3 SYSTEMPATH\CodeIgniter.php(497): CodeIgniter\CodeIgniter->runController(Object(App\Controllers\LoginController))
 4 SYSTEMPATH\CodeIgniter.php(340): CodeIgniter\CodeIgniter->handleRequest(null, Object(Config\Cache), false)
 5 SYSTEMPATH\Boot.php(417): CodeIgniter\CodeIgniter->run()
 6 SYSTEMPATH\Boot.php(68): CodeIgniter\Boot::runCodeIgniter(Object(CodeIgniter\CodeIgniter))
 7 FCPATH\index.php(59): CodeIgniter\Boot::bootWeb(Object(Config\Paths))
CRITICAL - 2026-05-20 10:36:55 --> ErrorException: Undefined array key "no_hp"
[Method: POST, Route: login]
in APPPATH\Controllers\LoginController.php on line 36.
 1 APPPATH\Controllers\LoginController.php(36): CodeIgniter\Debug\Exceptions->errorHandler(2, 'Undefined array key "no_hp"', 'C:\\laragon\\www\\toko_api\\app\\Controllers\\LoginController.php', 36)
 2 SYSTEMPATH\CodeIgniter.php(951): App\Controllers\LoginController->login()
 3 SYSTEMPATH\CodeIgniter.php(497): CodeIgniter\CodeIgniter->runController(Object(App\Controllers\LoginController))
 4 SYSTEMPATH\CodeIgniter.php(340): CodeIgniter\CodeIgniter->handleRequest(null, Object(Config\Cache), false)
 5 SYSTEMPATH\Boot.php(417): CodeIgniter\CodeIgniter->run()
 6 SYSTEMPATH\Boot.php(68): CodeIgniter\Boot::runCodeIgniter(Object(CodeIgniter\CodeIgniter))
 7 FCPATH\index.php(59): CodeIgniter\Boot::bootWeb(Object(Config\Paths))
